{
  "status": "passed",
  "observed": {
    "settingsInteraction": {
      "saveOrder": true,
      "failureRecovery": true,
      "pageBoundary": true
    },
    "coreAcceptedReplay": {
      "writes": 1,
      "replayed": true,
      "immutableResult": true
    },
    "atomicRollback": {
      "failed": true,
      "businessRows": 0,
      "inboxRows": 0
    },
    "importArtifactReplay": {
      "invocations": 1,
      "replayed": true,
      "immutableResult": true,
      "sourceBytes": 1100070,
      "receiptBytes": 447
    },
    "fourOutcomes": {
      "accepted": "accepted",
      "failedBeforeWrite": "failed_before_write",
      "explicitlyRejected": "explicitly_rejected",
      "unknown": "outcome_unknown_after_write",
      "failedBeforeInvocations": 0,
      "unknownInvocations": 1,
      "unknownCode": "ZEUS_SETTINGS_COMMAND_OUTCOME_UNKNOWN",
      "replayCode": "ZEUS_COMMAND_DELIVERY_REPLAY_BLOCKED",
      "unknownWriteMarker": true
    },
    "secretPersistence": {
      "writes": 1,
      "durableContainsPlaintext": false,
      "unknownEvidenceRedacted": true
    },
    "routeCounts": {
      "core": 4,
      "external": 7,
      "total": 11
    },
    "quickCheck": "ok",
    "realExternalServicesStarted": false
  }
}
